#![feature(prelude_import)]
#[prelude_import]
use std::prelude::rust_2021::*;
#[macro_use]
extern crate std;
use dynosaur::dynosaur;

trait MyTrait {
    async fn foo(&self)
    -> i32;
}
trait ErasedMyTrait {
    fn foo<'life0, 'dynosaur>(&'life0 self)
    ->
        ::core::pin::Pin<Box<dyn ::core::future::Future<Output = i32> +
        'dynosaur>>
    where
    'life0: 'dynosaur,
    Self: 'dynosaur;
}
impl<DYNOSAUR: MyTrait> ErasedMyTrait for DYNOSAUR {
    fn foo<'life0, 'dynosaur>(&'life0 self)
        ->
            ::core::pin::Pin<Box<dyn ::core::future::Future<Output = i32> +
            'dynosaur>> where 'life0: 'dynosaur, Self: 'dynosaur {
        Box::pin(<Self as MyTrait>::foo(self))
    }
}
struct DynMyTrait<'dynosaur> {
    ptr: *mut (dyn ErasedMyTrait + 'dynosaur),
    owned: bool,
}

fn main() {}
