#![feature(prelude_import)]
#[prelude_import]
use std::prelude::rust_2021::*;
#[macro_use]
extern crate std;
use dynosaur::dynosaur;

trait MyTrait {
    type Item;
    async fn foo<T>(&self, x: &T)
    -> i32;
}
trait ErasedMyTrait {
    type Item;
    fn foo<'life0, 'life1, 'dynosaur, T>(&'life0 self, x: &'life1 T)
    ->
        ::core::pin::Pin<Box<dyn ::core::future::Future<Output = i32> +
        'dynosaur>>
    where
    T: 'dynosaur,
    'life0: 'dynosaur,
    'life1: 'dynosaur,
    Self: 'dynosaur;
}

fn main() {}
